Loading test/2-binary/0-Fundemental/addiu5.hex.txt into RAM
TB : INFO : RAM_ACCESS: Read from 0xbfc00000, data: 0x24450050
TB : INFO : RAM_ACCESS: Read from 0xbfc00004, data: 0x2442007b
TB : INFO : RAM_ACCESS: Read from 0xbfc00008, data: 0x00000008
TB : INFO : RAM_ACCESS: Read from 0xbfc0000c, data: 0x00000000
TB : INFO : RAM_ACCESS: Read from 0x00000000, data: 0x00000000
TB : INFO : register_v0=0000007b
TB : Finished : active=0
