Loading test/2-binary/0-Fundemental/lui2.hex.txt into RAM
TB : INFO : RAM_ACCESS: Read from 0xbfc00000, data: 0x3c020957
TB : INFO : RAM_ACCESS: Read from 0xbfc00004, data: 0x00000008
TB : INFO : RAM_ACCESS: Read from 0xbfc00008, data: 0x00000000
TB : INFO : RAM_ACCESS: Read from 0x00000000, data: 0x00000000
TB : INFO : register_v0=09570000
TB : Finished : active=0
