TB : INFO : RAM_ACCESS: Read from 0xbfc00000, data: 0x3c02cb7b
TB : INFO : RAM_ACCESS: Read from 0x00000000, data: 0x00000000
TB : INFO : register_v0=cb7b0000
TB : Finished : active=0
