Loading test/2-binary/0-Fundemental/lwl4.hex.txt into RAM
VCD info: dumpfile mips_cpu_bus_tb.vcd opened for output.
TB : INFO : RAM_ACCESS: Read from 0xbfc00000, data: 0x8802000f
TB : INFO : RAM_ACCESS: Read from 0xbfc00004, data: 0x03e00008
TB : INFO : RAM_ACCESS: Read from 0x0000000c, data: 0x07040201
TB : INFO : RAM_ACCESS: Read from 0xbfc00008, data: 0x00000000
TB : INFO : RAM_ACCESS: Read from 0x00000000, data: 0x00000000
TB : INFO : register_v0=07040201
TB : Finished : active=0
