Loading test/2-binary/5-I-type/addiu3.hex.txt into RAM
VCD info: dumpfile mips_cpu_bus_tb.vcd opened for output.
TB : INFO : RAM_ACCESS: Read from 0xbfc00000, data: 0x2442ffff
TB : INFO : RAM_ACCESS: Read from 0xbfc00004, data: 0x0000f808
TB : INFO : RAM_ACCESS: Read from 0xbfc00008, data: 0x00000000
TB : INFO : register_v0=ffffffff
TB : finished; active=0
