Loading test/2-binary/5-I-type/slti1.hex.txt into RAM
VCD info: dumpfile mips_cpu_bus_tb.vcd opened for output.
TB : INFO : RAM_ACCESS: Read from 0xbfc00000, data: 0x2a020001
TB : INFO : RAM_ACCESS: Read from 0xbfc00004, data: 0x0000f808
TB : INFO : RAM_ACCESS: Read from 0xbfc00008, data: 0x00000000
TB : INFO : RAM_ACCESS: Read from 0x00000000, data: 0x00000000
TB : INFO : register_v0=00000001
TB : Finished : active=0
