Loading test/2-binary/addiu4.hex.txt into RAM
VCD info: dumpfile mips_cpu_bus_tb.vcd opened for output.
TB : INFO : register_v0=fffffc01
TB : finished; active=0
