Loading test/2-binary/blez1.hex.txt into RAM
VCD info: dumpfile mips_cpu_bus_tb.vcd opened for output.
TB : INFO : register_v0=00000046
TB : finished; active=0
