Loading test/2-binary/jr2.hex.txt into RAM
VCD info: dumpfile mips_cpu_bus_tb.vcd opened for output.
TB : INFO : register_v0=0000000a
TB : finished; active=0
