Loading test/2-binary/lbu5.hex.txt into RAM
VCD info: dumpfile mips_cpu_bus_tb.vcd opened for output.
TB : INFO : register_v0=000000f9
TB : finished; active=0
