Loading test/2-binary/lhu6.hex.txt into RAM
VCD info: dumpfile mips_cpu_bus_tb.vcd opened for output.
TB : INFO : register_v0=00000d5d
TB : finished; active=0
