Loading test/2-binary/sllv1.hex.txt into RAM
VCD info: dumpfile mips_cpu_bus_tb.vcd opened for output.
TB : INFO : register_v0=00000020
TB : finished; active=0
