Loading test/2-binary/3-Integration/str-len1.hex.txt into RAM
TB : INFO : RAM_ACCESS: Read from 0xbfc00000, data: 0x279c0004
TB : INFO : RAM_ACCESS: Read from 0xbfc00004, data: 0x8f830000
TB : INFO : RAM_ACCESS: Read from 0xbfc00008, data: 0x18600004
TB : INFO : RAM_ACCESS: Read from 0x00000004, data: 0x00000044
TB : INFO : RAM_ACCESS: Read from 0xbfc0000c, data: 0x279c0004
TB : INFO : RAM_ACCESS: Read from 0xbfc00010, data: 0x24420001
TB : INFO : RAM_ACCESS: Read from 0xbfc00014, data: 0x0461fffb
TB : INFO : RAM_ACCESS: Read from 0xbfc00018, data: 0x27de0000
TB : INFO : RAM_ACCESS: Read from 0xbfc00004, data: 0x8f830000
TB : INFO : RAM_ACCESS: Read from 0xbfc00008, data: 0x18600004
TB : INFO : RAM_ACCESS: Read from 0x00000008, data: 0x00000054
TB : INFO : RAM_ACCESS: Read from 0xbfc0000c, data: 0x279c0004
TB : INFO : RAM_ACCESS: Read from 0xbfc00010, data: 0x24420001
TB : INFO : RAM_ACCESS: Read from 0xbfc00014, data: 0x0461fffb
TB : INFO : RAM_ACCESS: Read from 0xbfc00018, data: 0x27de0000
TB : INFO : RAM_ACCESS: Read from 0xbfc00004, data: 0x8f830000
TB : INFO : RAM_ACCESS: Read from 0xbfc00008, data: 0x18600004
TB : INFO : RAM_ACCESS: Read from 0x0000000c, data: 0x00000020
TB : INFO : RAM_ACCESS: Read from 0xbfc0000c, data: 0x279c0004
TB : INFO : RAM_ACCESS: Read from 0xbfc00010, data: 0x24420001
TB : INFO : RAM_ACCESS: Read from 0xbfc00014, data: 0x0461fffb
TB : INFO : RAM_ACCESS: Read from 0xbfc00018, data: 0x27de0000
TB : INFO : RAM_ACCESS: Read from 0xbfc00004, data: 0x8f830000
TB : INFO : RAM_ACCESS: Read from 0xbfc00008, data: 0x18600004
TB : INFO : RAM_ACCESS: Read from 0x00000010, data: 0x00000031
TB : INFO : RAM_ACCESS: Read from 0xbfc0000c, data: 0x279c0004
TB : INFO : RAM_ACCESS: Read from 0xbfc00010, data: 0x24420001
TB : INFO : RAM_ACCESS: Read from 0xbfc00014, data: 0x0461fffb
TB : INFO : RAM_ACCESS: Read from 0xbfc00018, data: 0x27de0000
TB : INFO : RAM_ACCESS: Read from 0xbfc00004, data: 0x8f830000
TB : INFO : RAM_ACCESS: Read from 0xbfc00008, data: 0x18600004
TB : INFO : RAM_ACCESS: Read from 0x00000014, data: 0x00000030
TB : INFO : RAM_ACCESS: Read from 0xbfc0000c, data: 0x279c0004
TB : INFO : RAM_ACCESS: Read from 0xbfc00010, data: 0x24420001
TB : INFO : RAM_ACCESS: Read from 0xbfc00014, data: 0x0461fffb
TB : INFO : RAM_ACCESS: Read from 0xbfc00018, data: 0x27de0000
TB : INFO : RAM_ACCESS: Read from 0xbfc00004, data: 0x8f830000
TB : INFO : RAM_ACCESS: Read from 0xbfc00008, data: 0x18600004
TB : INFO : RAM_ACCESS: Read from 0x00000018, data: 0x00000030
TB : INFO : RAM_ACCESS: Read from 0xbfc0000c, data: 0x279c0004
TB : INFO : RAM_ACCESS: Read from 0xbfc00010, data: 0x24420001
TB : INFO : RAM_ACCESS: Read from 0xbfc00014, data: 0x0461fffb
TB : INFO : RAM_ACCESS: Read from 0xbfc00018, data: 0x27de0000
TB : INFO : RAM_ACCESS: Read from 0xbfc00004, data: 0x8f830000
TB : INFO : RAM_ACCESS: Read from 0xbfc00008, data: 0x18600004
TB : INFO : RAM_ACCESS: Read from 0x0000001c, data: 0x00000020
TB : INFO : RAM_ACCESS: Read from 0xbfc0000c, data: 0x279c0004
TB : INFO : RAM_ACCESS: Read from 0xbfc00010, data: 0x24420001
TB : INFO : RAM_ACCESS: Read from 0xbfc00014, data: 0x0461fffb
TB : INFO : RAM_ACCESS: Read from 0xbfc00018, data: 0x27de0000
TB : INFO : RAM_ACCESS: Read from 0xbfc00004, data: 0x8f830000
TB : INFO : RAM_ACCESS: Read from 0xbfc00008, data: 0x18600004
TB : INFO : RAM_ACCESS: Read from 0x00000020, data: 0x00000050
TB : INFO : RAM_ACCESS: Read from 0xbfc0000c, data: 0x279c0004
TB : INFO : RAM_ACCESS: Read from 0xbfc00010, data: 0x24420001
TB : INFO : RAM_ACCESS: Read from 0xbfc00014, data: 0x0461fffb
TB : INFO : RAM_ACCESS: Read from 0xbfc00018, data: 0x27de0000
TB : INFO : RAM_ACCESS: Read from 0xbfc00004, data: 0x8f830000
TB : INFO : RAM_ACCESS: Read from 0xbfc00008, data: 0x18600004
TB : INFO : RAM_ACCESS: Read from 0x00000024, data: 0x0000004c
TB : INFO : RAM_ACCESS: Read from 0xbfc0000c, data: 0x279c0004
TB : INFO : RAM_ACCESS: Read from 0xbfc00010, data: 0x24420001
TB : INFO : RAM_ACCESS: Read from 0xbfc00014, data: 0x0461fffb
TB : INFO : RAM_ACCESS: Read from 0xbfc00018, data: 0x27de0000
TB : INFO : RAM_ACCESS: Read from 0xbfc00004, data: 0x8f830000
TB : INFO : RAM_ACCESS: Read from 0xbfc00008, data: 0x18600004
TB : INFO : RAM_ACCESS: Read from 0x00000028, data: 0x00000053
TB : INFO : RAM_ACCESS: Read from 0xbfc0000c, data: 0x279c0004
TB : INFO : RAM_ACCESS: Read from 0xbfc00010, data: 0x24420001
TB : INFO : RAM_ACCESS: Read from 0xbfc00014, data: 0x0461fffb
TB : INFO : RAM_ACCESS: Read from 0xbfc00018, data: 0x27de0000
TB : INFO : RAM_ACCESS: Read from 0xbfc00004, data: 0x8f830000
TB : INFO : RAM_ACCESS: Read from 0xbfc00008, data: 0x18600004
TB : INFO : RAM_ACCESS: Read from 0x0000002c, data: 0x00000000
TB : INFO : RAM_ACCESS: Read from 0xbfc0000c, data: 0x279c0004
TB : INFO : RAM_ACCESS: Read from 0xbfc0001c, data: 0x00000008
TB : INFO : RAM_ACCESS: Read from 0xbfc00020, data: 0x00000000
TB : INFO : RAM_ACCESS: Read from 0x00000000, data: 0x00000000
TB : INFO : register_v0=0000000a
TB : Finished : active=0
