Loading test/2-binary/1-Dependent/addu4.hex.txt into RAM
TB : INFO : RAM_ACCESS: Read from 0xbfc00000, data: 0x26d6fea0
TB : INFO : RAM_ACCESS: Read from 0xbfc00004, data: 0x2718fc18
TB : INFO : RAM_ACCESS: Read from 0xbfc00008, data: 0x02d81021
TB : INFO : RAM_ACCESS: Read from 0xbfc0000c, data: 0x0000f808
TB : INFO : RAM_ACCESS: Read from 0xbfc00010, data: 0x00000000
TB : INFO : RAM_ACCESS: Read from 0x00000000, data: 0x00000000
TB : INFO : register_v0=fffffab8
TB : Finished : active=0
