Loading test/2-binary/1-Dependent/lb7.hex.txt into RAM
TB : INFO : RAM_ACCESS: Read from 0xbfc00000, data: 0x25ef03e8
TB : INFO : RAM_ACCESS: Read from 0xbfc00004, data: 0x81e20005
TB : INFO : RAM_ACCESS: Read from 0xbfc00008, data: 0x0000f808
TB : INFO : RAM_ACCESS: Read from 0x000003ec, data: 0x0000101b
TB : INFO : RAM_ACCESS: Read from 0xbfc0000c, data: 0x00000000
TB : INFO : RAM_ACCESS: Read from 0x00000000, data: 0x00000000
TB : INFO : register_v0=00000010
TB : Finished : active=0
