Loading test/2-binary/1-Dependent/lbu3.hex.txt into RAM
VCD info: dumpfile mips_cpu_bus_tb.vcd opened for output.
TB : INFO : RAM_ACCESS: Read from 0xbfc00000, data: 0x90020016
TB : INFO : RAM_ACCESS: Read from 0xbfc00004, data: 0x00000008
TB : INFO : RAM_ACCESS: Read from 0x00000014, data: 0x001ed300
TB : INFO : RAM_ACCESS: Read from 0xbfc00008, data: 0x00000000
TB : INFO : RAM_ACCESS: Read from 0x00000000, data: 0x00000000
TB : INFO : register_v0=0000001e
TB : Finished : active=0
