TB : INFO : RAM_ACCESS: Read from 0xbfc00000, data: 0x26100008
TB : INFO : RAM_ACCESS: Write to 0x00000000, data: 0x0014xxxx
TB : INFO : register_v0=00000014
TB : Finished : active=0
