Loading test/2-binary/1-Dependent/srlv6.hex.txt into RAM
VCD info: dumpfile mips_cpu_bus_tb.vcd opened for output.
TB : INFO : RAM_ACCESS: Read from 0xbfc00000, data: 0x2442f2aa
TB : INFO : RAM_ACCESS: Read from 0xbfc00004, data: 0x24840004
TB : INFO : RAM_ACCESS: Read from 0xbfc00008, data: 0x00821006
TB : INFO : RAM_ACCESS: Read from 0xbfc0000c, data: 0x0000f808
TB : INFO : RAM_ACCESS: Read from 0xbfc00010, data: 0x00000000
TB : INFO : RAM_ACCESS: Read from 0x00000000, data: 0x00000000
TB : INFO : register_v0=0fffff2a
TB : Finished : active=0
