TB : INFO : RAM_ACCESS: Read from 0xbfc00000, data: 0x24e3ff22
TB : INFO : RAM_ACCESS: Read from 0x00000000, data: 0x00000000
TB : INFO : register_v0=fffffea7
TB : Finished : active=0
