Loading test/2-binary/1-Dependent/xor4.hex.txt into RAM
VCD info: dumpfile mips_cpu_bus_tb.vcd opened for output.
TB : INFO : RAM_ACCESS: Read from 0xbfc00000, data: 0x24630008
TB : INFO : RAM_ACCESS: Read from 0xbfc00004, data: 0x24840008
TB : INFO : RAM_ACCESS: Read from 0xbfc00008, data: 0x00641026
TB : INFO : RAM_ACCESS: Read from 0xbfc0000c, data: 0x24420007
TB : INFO : RAM_ACCESS: Read from 0xbfc00010, data: 0x00000008
TB : INFO : RAM_ACCESS: Read from 0xbfc00014, data: 0x00000000
TB : INFO : RAM_ACCESS: Read from 0x00000000, data: 0x00000000
TB : INFO : register_v0=00000007
TB : Finished : active=0
