Loading test/2-binary/2-Dependent/blez2.hex.txt into RAM
TB : INFO : RAM_ACCESS: Read from 0xbfc00000, data: 0x26100023
TB : INFO : RAM_ACCESS: Read from 0xbfc00004, data: 0x1a200002
TB : INFO : RAM_ACCESS: Read from 0xbfc00008, data: 0x00101021
TB : INFO : RAM_ACCESS: Read from 0xbfc00010, data: 0x00000008
TB : INFO : RAM_ACCESS: Read from 0xbfc00014, data: 0x00000000
TB : INFO : RAM_ACCESS: Read from 0x00000000, data: 0x00000000
TB : INFO : register_v0=00000023
TB : Finished : active=0
