Loading test/2-binary/2-Dependent/bltzal5.hex.txt into RAM
TB : INFO : RAM_ACCESS: Read from 0xbfc00000, data: 0x2610ffff
TB : INFO : RAM_ACCESS: Read from 0xbfc00004, data: 0x06100005
TB : INFO : RAM_ACCESS: Read from 0xbfc00008, data: 0x24420001
TB : INFO : RAM_ACCESS: Read from 0xbfc0001c, data: 0x03e00008
TB : INFO : RAM_ACCESS: Read from 0xbfc00020, data: 0x00000000
TB : INFO : RAM_ACCESS: Read from 0xbfc0000c, data: 0x00000008
TB : INFO : RAM_ACCESS: Read from 0xbfc00010, data: 0x24420005
TB : INFO : RAM_ACCESS: Read from 0x00000000, data: 0x00000000
TB : INFO : register_v0=00000006
TB : Finished : active=0
