Loading test/2-binary/4-R-type/mtlo1.hex.txt into RAM
VCD info: dumpfile mips_cpu_bus_tb.vcd opened for output.
TB : INFO : RAM_ACCESS: Read from 0xbfc00000, data: 0x26730006
TB : INFO : RAM_ACCESS: Read from 0xbfc00004, data: 0x26750002
TB : INFO : RAM_ACCESS: Read from 0xbfc00008, data: 0x02a00013
TB : INFO : RAM_ACCESS: Read from 0xbfc0000c, data: 0x00001012
TB : INFO : RAM_ACCESS: Read from 0xbfc00010, data: 0x0000f808
TB : INFO : RAM_ACCESS: Read from 0xbfc00014, data: 0x00000000
TB : INFO : RAM_ACCESS: Read from 0x00000000, data: 0x00000000
TB : INFO : register_v0=00000008
TB : Finished : active=0
